../Core/Src/main.c:90:5:main	24	static
../Core/Src/main.c:168:6:SystemClock_Config	96	static
../Core/Src/main.c:209:13:MX_TIM6_Init	24	static
../Core/Src/main.c:247:13:MX_USART2_UART_Init	8	static
../Core/Src/main.c:295:13:MX_USART5_UART_Init	8	static
../Core/Src/main.c:331:13:MX_GPIO_Init	48	static
../Core/Src/main.c:365:6:my_ant_sw_pos	16	static
../Core/Src/main.c:380:6:my_gnss_sw_on	8	static
../Core/Src/main.c:387:6:my_gnss_sw_off	8	static
../Core/Src/main.c:395:15:q1_check_xor	24	static
../Core/Src/main.c:411:6:my_tim_init	8	static
../Core/Src/main.c:416:6:my_tim_start	8	static
../Core/Src/main.c:422:6:my_tim_stop	8	static
../Core/Src/main.c:427:6:HAL_TIM_PeriodElapsedCallback	16	static
../Core/Src/main.c:445:6:Error_Handler	8	static,ignoring_inline_asm
