../Core/Src/main.c:115:5:main	16	static
../Core/Src/main.c:197:6:SystemClock_Config	96	static
../Core/Src/main.c:238:13:MX_TIM6_Init	24	static
../Core/Src/main.c:276:13:MX_USART2_UART_Init	8	static
../Core/Src/main.c:324:13:MX_USART5_UART_Init	8	static
../Core/Src/main.c:360:13:MX_GPIO_Init	48	static
../Core/Src/main.c:394:6:my_ant_sw_pos	16	static
../Core/Src/main.c:409:6:my_gnss_sw_on	8	static
../Core/Src/main.c:416:6:my_gnss_sw_off	8	static
../Core/Src/main.c:424:15:q1_check_xor	24	static
../Core/Src/main.c:440:6:my_tim_init	8	static
../Core/Src/main.c:445:6:my_tim_start	8	static
../Core/Src/main.c:451:6:my_tim_stop	8	static
../Core/Src/main.c:456:6:HAL_TIM_PeriodElapsedCallback	16	static
../Core/Src/main.c:469:6:send_command	48	static
../Core/Src/main.c:488:6:send_command_save_nram	16	static
../Core/Src/main.c:500:6:get_command_result	24	static
../Core/Src/main.c:518:6:my_gnss_receive_byte	16	static
../Core/Src/main.c:531:6:Error_Handler	8	static,ignoring_inline_asm
