../my_libraries/Src/my_nmea.c:12:5:my_nmea_message	24	static
../my_libraries/Src/my_nmea.c:38:12:get_my_nmea_gngsa_fixed_mode_s	16	static
../my_libraries/Src/my_nmea.c:43:8:get_my_nmea_gngsa_pdop_d	40	static
../my_libraries/Src/my_nmea.c:57:6:is_my_nmea_checksum_ok	32	static
../my_libraries/Src/my_nmea.c:67:8:nmea2decimal	40	static
../my_libraries/Src/my_nmea.c:82:6:my_nmea_get_gngll_coordinates	72	static
../my_libraries/Src/my_nmea.c:117:6:get_my_nmea_gngll_coordinates	88	static
../my_libraries/Src/my_nmea.c:149:10:my_nmea_get_gsv_tns	40	static
../my_libraries/Src/my_nmea.c:161:6:my_nmea_get_rmc_date_yy	40	static
../my_libraries/Src/my_nmea.c:176:6:my_nmea_get_rmc_date_mm	40	static
../my_libraries/Src/my_nmea.c:190:6:my_nmea_get_rmc_date_dd	40	static
../my_libraries/Src/my_nmea.c:204:6:my_nmea_get_rmc_utc_hh	40	static
../my_libraries/Src/my_nmea.c:218:6:my_nmea_get_rmc_utc_mm	40	static
../my_libraries/Src/my_nmea.c:232:6:my_nmea_get_rmc_utc_ss	40	static
../my_libraries/Src/my_nmea.c:246:6:my_nmea_get_rmc_utc_sss	32	static
